{
    "listName": "300pt - PB - Prime Brothers [GFF 300pts]",
    "units": [
        {
            "points": "75pts",
            "specialRules": [
                {
                    "label": " Fearless"
                },
                {
                    "label": " Hero"
                },
                {
                    "label": " Tough(3)"
                }
            ],
            "equipment": [],
            "name": "Prime Master test",
            "unitCount": 1,
            "quality": 3,
            "defense": 2,
            "weapons": [
                {
                    "name": "CCW ",
                    "attacks": 2
                },
                {
                    "name": "Heavy Rifle ",
                    "range": 24,
                    "attacks": 1,
                    "ap": 1
                }
            ]
        },
        {
            "points": "40pts",
            "specialRules": [
                {
                    "label": " Fearless"
                },
                {
                    "label": " Scout"
                },
                {
                    "label": " Strider"
                }
            ],
            "equipment": [
                {
                    "name": "Scopes",
                    "specialRules": [
                        "Sniper"
                    ]
                }
            ],
            "name": "Infiltrator",
            "unitCount": 1,
            "quality": 4,
            "defense": 3,
            "weapons": [
                {
                    "name": "CCW ",
                    "attacks": 2
                },
                {
                    "name": "Marksman Carbine ",
                    "range": 18,
                    "attacks": 1,
                    "specialRules": [
                        {
                            "label": "Rending"
                        }
                    ]
                }
            ]
        },
        {
            "points": "40pts",
            "specialRules": [
                {
                    "label": " Fearless"
                }
            ],
            "equipment": [],
            "name": "Assault Prime Brother",
            "unitCount": 1,
            "quality": 3,
            "defense": 2,
            "weapons": [
                {
                    "name": "CCW ",
                    "attacks": 3
                },
                {
                    "name": "Plasma Pistol ",
                    "range": 12,
                    "attacks": 1,
                    "ap": 4
                }
            ]
        },
        {
            "points": "50pts",
            "specialRules": [
                {
                    "label": " Fearless"
                }
            ],
            "equipment": [],
            "name": "Prime Brother",
            "unitCount": 1,
            "quality": 3,
            "defense": 2,
            "weapons": [
                {
                    "name": "Auto-Rifle ",
                    "range": 18,
                    "attacks": 2
                },
                {
                    "name": "CCW ",
                    "attacks": 2
                },
                {
                    "name": "Grenade-Mod ",
                    "range": 12,
                    "attacks": 1,
                    "specialRules": [
                        {
                            "label": "Blast(3)"
                        }
                    ]
                }
            ]
        },
        {
            "points": "35pts",
            "specialRules": [
                {
                    "label": " Fearless"
                }
            ],
            "equipment": [],
            "name": "Prime Brother",
            "unitCount": 1,
            "quality": 3,
            "defense": 2,
            "weapons": [
                {
                    "name": "CCW ",
                    "attacks": 2
                },
                {
                    "name": "Heavy Rifle ",
                    "range": 24,
                    "attacks": 1,
                    "ap": 1
                }
            ]
        },
        {
            "points": "60pts",
            "specialRules": [
                {
                    "label": " Fearless"
                },
                {
                    "label": " Scout"
                },
                {
                    "label": " Stealth"
                }
            ],
            "equipment": [],
            "name": "Eliminator Prime Brother with more text",
            "unitCount": 1,
            "quality": 3,
            "defense": 3,
            "weapons": [
                {
                    "name": "CCW ",
                    "attacks": 2
                },
                {
                    "name": "Sniper Rifle ",
                    "range": 30,
                    "attacks": 1,
                    "ap": 1,
                    "specialRules": [
                        {
                            "label": "Sniper"
                        }
                    ]
                }
            ]
        },
        {
            "points": "85pts",
            "specialRules": [
                {
                    "label": " Hero"
                },
                {
                    "label": " Tough(3)"
                },
                {
                    "label": " Strider"
                }
            ],
            "equipment": [
                {
                    "name": "Forward Observer",
                    "specialRules": [
                        "Take Aim"
                    ]
                }
            ],
            "name": "Storm Leader",
            "unitCount": 1,
            "quality": 4,
            "defense": 4,
            "weapons": [
                {
                    "name": "CCW ",
                    "attacks": 2
                },
                {
                    "name": "Plasma Pistol ",
                    "range": 12,
                    "attacks": 1,
                    "ap": 4
                }
            ]
        },
        {
            "points": "20pts",
            "specialRules": [],
            "equipment": [
                {
                    "name": "Demo Charges",
                    "specialRules": [
                        "AP(4) in melee"
                    ]
                }
            ],
            "name": "Veteran",
            "unitCount": 1,
            "quality": 4,
            "defense": 5,
            "weapons": [
                {
                    "name": "CCW ",
                    "attacks": 1
                },
                {
                    "name": "Rifle ",
                    "range": 24,
                    "attacks": 1
                }
            ]
        },
        {
            "points": "15pts",
            "specialRules": [
                {
                    "label": " "
                }
            ],
            "equipment": [],
            "name": "2x Veteran",
            "unitCount": 1,
            "quality": 4,
            "defense": 5,
            "weapons": [
                {
                    "name": "CCW ",
                    "attacks": 1
                },
                {
                    "name": "Rifle ",
                    "range": 24,
                    "attacks": 1
                }
            ]
        },
        {
            "points": "25pts",
            "specialRules": [
                {
                    "label": " Relentless"
                }
            ],
            "equipment": [],
            "name": "Special Weapon",
            "unitCount": 1,
            "quality": 5,
            "defense": 5,
            "weapons": [
                {
                    "name": "CCW ",
                    "attacks": 1
                },
                {
                    "name": "Flamethrower ",
                    "range": 12,
                    "attacks": 6
                }
            ]
        },
        {
            "points": "25pts",
            "specialRules": [
                {
                    "label": " Relentless"
                }
            ],
            "equipment": [],
            "name": "Special Weapon",
            "unitCount": 1,
            "quality": 5,
            "defense": 5,
            "weapons": [
                {
                    "name": "CCW ",
                    "attacks": 1
                },
                {
                    "name": "Grenade Launcher ",
                    "range": 24,
                    "attacks": 1,
                    "specialRules": [
                        {
                            "label": "Blast(3)"
                        }
                    ]
                }
            ]
        },
        {
            "points": "45pts",
            "specialRules": [
                {
                    "label": " Strider"
                }
            ],
            "equipment": [],
            "name": "Storm Trooper",
            "unitCount": 1,
            "quality": 4,
            "defense": 4,
            "weapons": [
                {
                    "name": "Energy Fist ",
                    "attacks": 2,
                    "ap": 4
                },
                {
                    "name": "Shred Rifle ",
                    "range": 18,
                    "attacks": 3,
                    "specialRules": [
                        {
                            "label": "Rending"
                        }
                    ]
                }
            ]
        },
        {
            "points": "25pts",
            "specialRules": [
                {
                    "label": " Strider"
                }
            ],
            "equipment": [],
            "name": "Storm Trooper",
            "unitCount": 1,
            "quality": 4,
            "defense": 4,
            "weapons": [
                {
                    "name": "CCW ",
                    "attacks": 1
                },
                {
                    "name": "Plasma Rifle ",
                    "range": 24,
                    "attacks": 1,
                    "ap": 4
                }
            ]
        },
        {
            "points": "45pts",
            "specialRules": [
                {
                    "label": " Scout"
                },
                {
                    "label": " Stealth"
                }
            ],
            "equipment": [],
            "name": "Sniper",
            "unitCount": 1,
            "quality": 5,
            "defense": 5,
            "weapons": [
                {
                    "name": "CCW ",
                    "attacks": 1
                },
                {
                    "name": "Sniper Rifle ",
                    "range": 30,
                    "attacks": 1,
                    "ap": 1,
                    "specialRules": [
                        {
                            "label": "Sniper"
                        }
                    ]
                }
            ]
        }
    ]
}