{
    "armyId": "oqnnu0gk8q6hyyny",
    "gameSystem": "gff",
    "gameSystemId": 3,
    "armyName": "Prime Brothers",
    "listPoints": 350,
    "listName": "Prime Brothers",
    "units": [
        {
            "type": "Prime Master",
            "name": "Prime Master",
            "armyId": "oqnnu0gk8q6hyyny",
            "id": "Z2WiRfh",
            "cost": 75,
            "defense": 2,
            "quality": 3,
            "upgrades": [
                "A1",
                "B1",
                "C1"
            ],
            "size": 1,
            "notes": null,
            "weapons": [
                {
                    "attacks": 2,
                    "count": 1,
                    "name": "Master Heavy Pistol",
                    "range": 12,
                    "specialRules": [],
                    "ap": "1"
                },
                {
                    "attacks": 1,
                    "count": 1,
                    "name": "Relic Sword",
                    "specialRules": [
                        {
                            "name": "Deadly",
                            "rating": 3,
                            "label": "Deadly(3)"
                        }
                    ],
                    "ap": 2
                }
            ],
            "specialRules": [
                {
                    "key": "fearless",
                    "name": "Fearless",
                    "rating": "",
                    "label": "Fearless"
                },
                {
                    "key": "hero",
                    "name": "Hero",
                    "rating": "",
                    "label": "Hero"
                },
                {
                    "key": "tough",
                    "name": "Tough",
                    "rating": "3",
                    "label": "Tough(3)"
                }
            ],
            "upgradeCost": [
                50,
                15,
                10
            ],
            "equipment": [
                {
                    "name": "Captain",
                    "specialRules": [
                        {
                            "key": "battle-rites",
                            "name": "Battle Rites",
                            "type": "ArmyBookRule",
                            "label": "Battle Rites",
                            "rating": ""
                        }
                    ]
                },
                {
                    "name": "Combat Shield",
                    "specialRules": [
                        {
                            "key": "heavy shield",
                            "name": "Heavy Shield",
                            "type": "ArmyBookRule",
                            "label": "Heavy Shield",
                            "modify": false
                        }
                    ]
                }
            ]
        },
        {
            "type": "Assault Prime Brother",
            "name": "Assault Prime Brother",
            "armyId": "oqnnu0gk8q6hyyny",
            "id": "hvNiOwU",
            "cost": 30,
            "defense": 2,
            "quality": 3,
            "upgrades": [
                "D1",
                "G1"
            ],
            "size": 1,
            "notes": null,
            "weapons": [
                {
                    "attacks": 1,
                    "count": 1,
                    "name": "Heavy Pistol",
                    "range": 12,
                    "specialRules": [],
                    "ap": "1"
                },
                {
                    "attacks": 1,
                    "count": 1,
                    "name": "Energy Hammer",
                    "specialRules": [
                        {
                            "name": "Blast",
                            "rating": 3,
                            "label": "Blast(3)"
                        }
                    ]
                }
            ],
            "specialRules": [
                {
                    "key": "fearless",
                    "name": "Fearless",
                    "rating": "",
                    "label": "Fearless"
                },
                {
                    "key": "veteran-infantry",
                    "name": "Veteran Infantry",
                    "type": "ArmyBookRule",
                    "label": "Veteran Infantry",
                    "rating": "",
                    "count": 1
                }
            ],
            "upgradeCost": [
                10,
                5
            ]
        },
        {
            "type": "Infernal",
            "name": "Infernal",
            "armyId": "oqnnu0gk8q6hyyny",
            "id": "NeuN0Gx",
            "cost": 40,
            "defense": 2,
            "quality": 3,
            "upgrades": [],
            "size": 1,
            "notes": null,
            "weapons": [
                {
                    "attacks": 1,
                    "count": 1,
                    "name": "CCW",
                    "specialRules": []
                },
                {
                    "attacks": 1,
                    "count": 1,
                    "name": "Flamer",
                    "range": 12,
                    "specialRules": [
                        {
                            "key": "blast",
                            "name": "Blast",
                            "rating": "3",
                            "modify": false,
                            "label": "Blast(3)"
                        },
                        {
                            "key": "reliable",
                            "name": "Reliable",
                            "rating": "",
                            "modify": false,
                            "label": "Reliable"
                        }
                    ]
                }
            ],
            "specialRules": [
                {
                    "id": 65,
                    "key": "fearless",
                    "name": "Fearless",
                    "label": "Fearless"
                },
                {
                    "id": 74,
                    "key": "relentless",
                    "name": "Relentless",
                    "label": "Relentless"
                }
            ]
        },
        {
            "type": "Eliminator",
            "name": "Eliminator",
            "armyId": "oqnnu0gk8q6hyyny",
            "id": "0PbBL8m",
            "cost": 60,
            "defense": 3,
            "quality": 3,
            "upgrades": [
                "K1"
            ],
            "size": 1,
            "notes": null,
            "weapons": [
                {
                    "attacks": 1,
                    "count": 1,
                    "name": "CCW",
                    "specialRules": []
                },
                {
                    "attacks": 1,
                    "count": 1,
                    "name": "Laser Sniper Rifle",
                    "range": 30,
                    "specialRules": [
                        {
                            "key": "deadly",
                            "name": "Deadly",
                            "type": "ArmyBookRule",
                            "label": "Deadly(3)",
                            "modify": false,
                            "rating": 3
                        },
                        {
                            "key": "sniper",
                            "name": "Reliable",
                            "type": "ArmyBookRule",
                            "label": "Reliable",
                            "modify": false
                        }
                    ],
                    "ap": 2
                }
            ],
            "specialRules": [
                {
                    "key": "fearless",
                    "name": "Fearless",
                    "rating": "",
                    "label": "Fearless"
                },
                {
                    "key": "scout",
                    "name": "Scout",
                    "rating": "",
                    "label": "Scout"
                },
                {
                    "key": "stealth",
                    "name": "Stealth",
                    "rating": "",
                    "label": "Stealth"
                }
            ],
            "upgradeCost": [
                55
            ]
        }
    ]
}