{
    "armyId": "oqnnu0gk8q6hyyny",
    "gameSystem": "gf",
    "gameSystemId": 2,
    "armyName": "Prime Brothers",
    "listPoints": 2000,
    "listName": "Testing Liste",
    "units": [
        {
            "type": "Prime Master",
            "name": "Prime Leader alias Master",
            "armyId": "oqnnu0gk8q6hyyny",
            "id": "Z2WiRfh",
            "defense": 2,
            "quality": 3,
            "upgrades": [
                "A1",
                "B1",
                "C1"
            ],
            "size": 1,
            "notes": null,
            "weapons": [
                {
                    "attacks": 1,
                    "count": 1,
                    "name": "Heavy Rifle",
                    "range": 24,
                    "specialRules": [],
                    "ap": "1"
                },
                {
                    "attacks": 2,
                    "count": 1,
                    "name": "Energy Hammer",
                    "specialRules": [
                        {
                            "key": "blast",
                            "name": "Blast",
                            "type": "ArmyBookRule",
                            "label": "Blast(3)",
                            "modify": false,
                            "rating": "3"
                        }
                    ]
                }
            ],
            "specialRules": [
                {
                    "key": "fearless",
                    "name": "Fearless",
                    "rating": "",
                    "label": "Fearless"
                },
                {
                    "key": "hero",
                    "name": "Hero",
                    "rating": "",
                    "label": "Hero"
                },
                {
                    "key": "tough",
                    "name": "Tough",
                    "rating": "3",
                    "label": "Tough(3)"
                }
            ],
            "equipment": [
                {
                    "name": "Captain",
                    "specialRules": [
                        {
                            "key": "battle-rites",
                            "name": "Battle Rites",
                            "type": "ArmyBookRule",
                            "label": "Battle Rites",
                            "rating": ""
                        }
                    ]
                }
            ]
        },
        {
            "type": "Attack Speeder",
            "name": "Attack Speeder",
            "armyId": "oqnnu0gk8q6hyyny",
            "id": "YQGLAAj",
            "defense": 2,
            "quality": 3,
            "upgrades": [
                "E2"
            ],
            "size": 1,
            "notes": null,
            "weapons": [
                {
                    "attacks": 2,
                    "count": 1,
                    "name": "Twin Strike Missiles",
                    "range": 18,
                    "specialRules": [
                        {
                            "key": "deadly",
                            "name": "Deadly",
                            "rating": "3",
                            "modify": false,
                            "label": "Deadly(3)"
                        }
                    ],
                    "ap": "3"
                },
                {
                    "attacks": 3,
                    "count": 1,
                    "name": "Laser Talon",
                    "range": 24,
                    "specialRules": [],
                    "ap": "3"
                }
            ],
            "specialRules": [
                {
                    "key": "ambush",
                    "name": "Ambush",
                    "rating": "",
                    "label": "Ambush"
                },
                {
                    "key": "fast",
                    "name": "Fast",
                    "rating": "",
                    "label": "Fast"
                },
                {
                    "key": "fearless",
                    "name": "Fearless",
                    "rating": "",
                    "label": "Fearless"
                },
                {
                    "key": "impact",
                    "name": "Impact",
                    "rating": "6",
                    "label": "Impact(6)"
                },
                {
                    "key": "strider",
                    "name": "Strider",
                    "rating": "",
                    "label": "Strider"
                },
                {
                    "key": "tough",
                    "name": "Tough",
                    "rating": "9",
                    "label": "Tough(9)"
                }
            ]
        },
        {
            "type": "Prime ATV",
            "name": "Prime ATV",
            "armyId": "oqnnu0gk8q6hyyny",
            "id": "VZ7HCmt",
            "defense": 2,
            "quality": 3,
            "upgrades": [
                "N1"
            ],
            "size": 1,
            "notes": null,
            "weapons": [
                {
                    "attacks": 4,
                    "count": 1,
                    "name": "Twin Auto-Rifles",
                    "range": 18,
                    "specialRules": []
                },
                {
                    "attacks": 1,
                    "count": 1,
                    "name": "Heavy Fusion Rifle",
                    "range": 18,
                    "specialRules": [
                        {
                            "key": "deadly",
                            "name": "Deadly",
                            "type": "ArmyBookRule",
                            "label": "Deadly(6)",
                            "modify": false,
                            "rating": "6"
                        }
                    ],
                    "ap": "4"
                }
            ],
            "specialRules": [
                {
                    "key": "fast",
                    "name": "Fast",
                    "rating": "",
                    "label": "Fast"
                },
                {
                    "key": "fearless",
                    "name": "Fearless",
                    "rating": "",
                    "label": "Fearless"
                },
                {
                    "key": "scout",
                    "name": "Scout",
                    "rating": "",
                    "label": "Scout"
                },
                {
                    "key": "strider",
                    "name": "Strider",
                    "rating": "",
                    "label": "Strider"
                },
                {
                    "key": "tough",
                    "name": "Tough",
                    "rating": "6",
                    "label": "Tough(6)"
                }
            ]
        },
        {
            "type": "Desolator Squad",
            "name": "Desolator Squad",
            "armyId": "oqnnu0gk8q6hyyny",
            "id": "81WTJ34",
            "defense": 2,
            "quality": 3,
            "upgrades": [
                "D1",
                "ftzK4"
            ],
            "size": 5,
            "notes": null,
            "weapons": [
                {
                    "attacks": 2,
                    "count": 5,
                    "name": "CCWs",
                    "specialRules": []
                },
                {
                    "attacks": 2,
                    "count": 2,
                    "name": "HE-Launchers",
                    "range": 30,
                    "specialRules": []
                },
                {
                    "attacks": 1,
                    "count": 1,
                    "name": "Vengeance HE-Launcher",
                    "range": 30,
                    "specialRules": [
                        {
                            "key": "blast",
                            "name": "Blast",
                            "type": "ArmyBookRule",
                            "label": "Blast(3)",
                            "modify": false,
                            "rating": "3"
                        },
                        {
                            "key": "indirect",
                            "name": "Indirect",
                            "type": "ArmyBookRule",
                            "label": "Indirect",
                            "modify": false,
                            "rating": ""
                        }
                    ]
                },
                {
                    "attacks": 1,
                    "count": 2,
                    "name": "AT-Launcher",
                    "range": 30,
                    "specialRules": [
                        {
                            "key": "lock-on",
                            "name": "Lock-On",
                            "type": "ArmyBookRule",
                            "label": "Lock-On",
                            "modify": false,
                            "rating": ""
                        }
                    ],
                    "ap": "2"
                }
            ],
            "specialRules": [
                {
                    "key": "fearless",
                    "name": "Fearless",
                    "rating": "",
                    "label": "Fearless"
                }
            ]
        },
        {
            "type": "Prime Brothers",
            "name": "Prime Brothers",
            "armyId": "oqnnu0gk8q6hyyny",
            "id": "PoRVpWT",
            "defense": 2,
            "quality": 3,
            "upgrades": [
                "A1",
                "D1",
                "H1"
            ],
            "size": 5,
            "notes": null,
            "weapons": [
                {
                    "attacks": 2,
                    "count": 4,
                    "name": "CCWs",
                    "specialRules": []
                },
                {
                    "attacks": 1,
                    "count": 4,
                    "name": "Heavy Rifles",
                    "range": 24,
                    "specialRules": [],
                    "ap": "1"
                },
                {
                    "attacks": 2,
                    "count": 1,
                    "name": "Auto-Rifle",
                    "range": 18,
                    "specialRules": []
                },
                {
                    "attacks": 2,
                    "count": 1,
                    "name": "CCW",
                    "specialRules": []
                }
            ],
            "specialRules": [
                {
                    "key": "fearless",
                    "name": "Fearless",
                    "rating": "",
                    "label": "Fearless"
                }
            ]
        },
        {
            "type": "Hover Squad",
            "name": "Hover Squad",
            "armyId": "oqnnu0gk8q6hyyny",
            "id": "mIz9reK",
            "defense": 2,
            "quality": 3,
            "upgrades": [],
            "size": 3,
            "notes": null,
            "weapons": [
                {
                    "attacks": 3,
                    "count": 3,
                    "name": "Suppressor Cannons",
                    "range": 24,
                    "specialRules": [
                        {
                            "key": "indirect",
                            "name": "Indirect",
                            "rating": "",
                            "modify": false,
                            "label": "Indirect"
                        }
                    ],
                    "ap": "2"
                },
                {
                    "attacks": 1,
                    "count": 3,
                    "name": "CCWs",
                    "specialRules": []
                }
            ],
            "specialRules": [
                {
                    "key": "fearless",
                    "name": "Fearless",
                    "rating": "",
                    "label": "Fearless"
                },
                {
                    "key": "relentless",
                    "name": "Relentless",
                    "rating": "",
                    "additional": false,
                    "label": "Relentless"
                },
                {
                    "key": "strider",
                    "name": "Strider",
                    "rating": "",
                    "additional": false,
                    "label": "Strider"
                }
            ]
        },
        {
            "type": "Infiltration Squad",
            "name": "Infiltration Squad",
            "armyId": "oqnnu0gk8q6hyyny",
            "id": "meWSgTo",
            "defense": 3,
            "quality": 4,
            "upgrades": [
                "D1",
                "F1"
            ],
            "size": 5,
            "notes": null,
            "weapons": [
                {
                    "attacks": 2,
                    "count": 5,
                    "name": "CCWs",
                    "specialRules": []
                },
                {
                    "attacks": 1,
                    "count": 5,
                    "name": "Marksman Carbines",
                    "range": 18,
                    "specialRules": [
                        {
                            "key": "rending",
                            "name": "Rending",
                            "rating": "",
                            "modify": false,
                            "label": "Rending"
                        }
                    ]
                }
            ],
            "specialRules": [
                {
                    "key": "fearless",
                    "name": "Fearless",
                    "rating": "",
                    "label": "Fearless"
                },
                {
                    "key": "scout",
                    "name": "Scout",
                    "rating": "",
                    "label": "Scout"
                },
                {
                    "key": "strider",
                    "name": "Strider",
                    "rating": "",
                    "label": "Strider"
                },
                {
                    "key": "medical-training",
                    "name": "Medical Training",
                    "type": "ArmyBookRule",
                    "label": "Medical Training",
                    "rating": "",
                    "count": 1
                }
            ]
        },
        {
            "type": "Aggro Squad",
            "name": "Aggro Squad",
            "armyId": "oqnnu0gk8q6hyyny",
            "id": "Fz19CEf",
            "defense": 2,
            "quality": 3,
            "upgrades": [
                "M1"
            ],
            "size": 3,
            "notes": null,
            "weapons": [
                {
                    "attacks": 4,
                    "count": 3,
                    "name": "Dual Energy Fists",
                    "specialRules": [],
                    "ap": "4"
                },
                {
                    "attacks": 4,
                    "count": 3,
                    "name": "Twin Fist-Pistols",
                    "range": 12,
                    "specialRules": []
                }
            ],
            "specialRules": [
                {
                    "key": "fearless",
                    "name": "Fearless",
                    "rating": "",
                    "label": "Fearless"
                },
                {
                    "key": "tough",
                    "name": "Tough",
                    "rating": "3",
                    "label": "Tough(3)"
                }
            ]
        }
    ]
}