{
    "armyId": "w15ncjbqsqk3tcet",
    "gameSystem": "gff",
    "gameSystemId": 3,
    "armyVersions": [
        {
            "version": "3.2.2",
            "armyId": "w15ncjbqsqk3tcet"
        }
    ],
    "armyName": "Feudal Guard",
    "listPoints": 295,
    "listName": "Feudal Guard",
    "units": [
        {
            "type": "Elite Captain",
            "name": "Elite Captain",
            "armyId": "w15ncjbqsqk3tcet",
            "id": "Tejdlmn",
            "cost": 60,
            "defense": 3,
            "quality": 4,
            "upgrades": [
                "C1",
                "9kMqi"
            ],
            "size": 1,
            "notes": null,
            "weapons": [
                {
                    "attacks": "2",
                    "count": 1,
                    "name": "Cpt. Heavy Rifle",
                    "range": 24,
                    "specialRules": [],
                    "ap": 1
                },
                {
                    "attacks": 1,
                    "count": 1,
                    "name": "CCW",
                    "specialRules": []
                }
            ],
            "equipment": [
                {
                    "name": "Paymaster",
                    "specialRules": [
                        {
                            "id": "bIZKJ",
                            "type": "ArmyBookRule",
                            "name": "Deep Pockets",
                            "label": "Deep Pockets"
                        }
                    ]
                }
            ],
            "rules": [
                {
                    "id": "2atvlmICQSCV",
                    "name": "Fearless",
                    "label": "Fearless"
                },
                {
                    "id": "T08VkBuVmNZ_",
                    "name": "Hero",
                    "label": "Hero"
                },
                {
                    "id": "a0YtInGiUDd6",
                    "rating": "3",
                    "name": "Tough",
                    "label": "Tough(3)"
                },
                {
                    "id": "bIZKJ",
                    "type": "ArmyBookRule",
                    "name": "Deep Pockets",
                    "label": "Deep Pockets"
                }
            ],
            "upgradeCost": [
                15
            ]
        },
        {
            "type": "Feudal Sniper",
            "name": "Feudal Sniper",
            "armyId": "w15ncjbqsqk3tcet",
            "id": "Jw0Fw2y",
            "cost": 40,
            "defense": 4,
            "quality": 5,
            "upgrades": [],
            "size": 1,
            "notes": null,
            "weapons": [
                {
                    "attacks": 1,
                    "count": 1,
                    "name": "Sniper Rifle",
                    "range": 30,
                    "specialRules": [
                        {
                            "type": "ArmyBookRule",
                            "id": "Zx4mWN0SbmK8",
                            "name": "Reliable",
                            "label": "Reliable"
                        }
                    ],
                    "ap": 1
                },
                {
                    "attacks": 1,
                    "count": 1,
                    "name": "CCW",
                    "specialRules": []
                }
            ],
            "equipment": [],
            "rules": [
                {
                    "id": "2atvlmICQSCV",
                    "name": "Fearless",
                    "label": "Fearless"
                },
                {
                    "id": "FAMbscK5vhSu",
                    "name": "Scout",
                    "label": "Scout"
                },
                {
                    "id": "9jyvRoBODD-O",
                    "name": "Stealth",
                    "label": "Stealth"
                }
            ]
        },
        {
            "type": "Feudal Guardsmen",
            "name": "Feudal Guardsmen",
            "armyId": "w15ncjbqsqk3tcet",
            "id": "FwOWLvi",
            "cost": 45,
            "defense": 4,
            "quality": 5,
            "upgrades": [
                "A1",
                "D1",
                "E1"
            ],
            "size": 3,
            "notes": null,
            "weapons": [
                {
                    "attacks": 1,
                    "count": 2,
                    "name": "Rifle",
                    "range": 24,
                    "specialRules": []
                },
                {
                    "attacks": 1,
                    "count": 3,
                    "name": "CCW",
                    "specialRules": []
                },
                {
                    "attacks": 2,
                    "count": 1,
                    "name": "Shred Rifle",
                    "range": 18,
                    "specialRules": [
                        {
                            "id": "cavWDboL4ubs",
                            "type": "ArmyBookRule",
                            "name": "Rending",
                            "label": "Rending"
                        }
                    ]
                }
            ],
            "equipment": [],
            "rules": [
                {
                    "id": "2atvlmICQSCV",
                    "name": "Fearless",
                    "label": "Fearless"
                },
                {
                    "id": "bLVZU4onzi2E",
                    "type": "ArmyBookRule",
                    "name": "Medical Training",
                    "label": "Medical Training",
                    "count": 1
                }
            ],
            "upgradeCost": [
                10,
                15
            ]
        },
        {
            "type": "Feudal OGRE",
            "name": "Feudal OGRE",
            "armyId": "w15ncjbqsqk3tcet",
            "id": "JWcThfe",
            "cost": 65,
            "defense": 3,
            "quality": 4,
            "upgrades": [
                "K1"
            ],
            "size": 1,
            "notes": null,
            "weapons": [
                {
                    "attacks": 2,
                    "count": 1,
                    "name": "Bash",
                    "specialRules": []
                },
                {
                    "attacks": 2,
                    "count": 1,
                    "name": "Heavy Baton",
                    "specialRules": [],
                    "ap": 2
                }
            ],
            "equipment": [
                {
                    "name": "Combat Shields",
                    "specialRules": [
                        {
                            "id": "wsqfB0fq69eG",
                            "type": "ArmyBookRule",
                            "name": "Shield Wall",
                            "label": "Shield Wall"
                        }
                    ]
                }
            ],
            "rules": [
                {
                    "id": "2atvlmICQSCV",
                    "name": "Fearless",
                    "label": "Fearless"
                },
                {
                    "id": "JoOCVPx1xT1G",
                    "name": "Furious",
                    "label": "Furious"
                },
                {
                    "id": "a0YtInGiUDd6",
                    "rating": "3",
                    "name": "Tough",
                    "label": "Tough(3)"
                },
                {
                    "id": "wsqfB0fq69eG",
                    "type": "ArmyBookRule",
                    "name": "Shield Wall",
                    "label": "Shield Wall"
                }
            ],
            "upgradeCost": [
                5,
                5
            ]
        },
        {
            "type": "Feudal Specialist",
            "name": "Feudal Specialist",
            "armyId": "w15ncjbqsqk3tcet",
            "id": "d_dzOfJ",
            "cost": 30,
            "defense": 4,
            "quality": 5,
            "upgrades": [
                "G1"
            ],
            "size": 1,
            "notes": null,
            "weapons": [
                {
                    "attacks": 1,
                    "count": 1,
                    "name": "CCW",
                    "specialRules": []
                },
                {
                    "attacks": 1,
                    "count": 1,
                    "name": "Flamer",
                    "range": 12,
                    "specialRules": [
                        {
                            "id": "w_vX0mi58KKt",
                            "type": "ArmyBookRule",
                            "rating": 3,
                            "name": "Blast",
                            "label": "Blast(3)"
                        },
                        {
                            "id": "Zx4mWN0SbmK8",
                            "type": "ArmyBookRule",
                            "name": "Reliable",
                            "label": "Reliable"
                        }
                    ]
                }
            ],
            "equipment": [],
            "rules": [
                {
                    "id": "2atvlmICQSCV",
                    "name": "Fearless",
                    "label": "Fearless"
                },
                {
                    "id": "H9E9PIWpGRdw",
                    "name": "Relentless",
                    "label": "Relentless"
                }
            ],
            "upgradeCost": [
                5
            ]
        }
    ]
}