{
    "armyId": "oqnnu0gk8q6hyyny",
    "gameSystem": "gf",
    "gameSystemId": 2,
    "armyName": "Prime Brothers",
    "listPoints": 285,
    "listName": "Prime Brothers",
    "units": [
        {
            "type": "Desolator Squad",
            "name": "Desolator Squad",
            "armyId": "oqnnu0gk8q6hyyny",
            "id": "81WTJ34",
            "cost": 210,
            "defense": 2,
            "quality": 3,
            "upgrades": [
                "D1",
                "ftzK4"
            ],
            "size": 5,
            "notes": null,
            "weapons": [
                {
                    "attacks": 1,
                    "count": 5,
                    "name": "CCW",
                    "specialRules": []
                },
                {
                    "attacks": 2,
                    "count": 2,
                    "name": "HE-Launcher",
                    "range": 30,
                    "specialRules": []
                },
                {
                    "attacks": 1,
                    "count": 1,
                    "name": "Vengeance HE-Launcher",
                    "range": 30,
                    "specialRules": [
                        {
                            "key": "blast",
                            "name": "Blast",
                            "type": "ArmyBookRule",
                            "label": "Blast(3)",
                            "modify": false,
                            "rating": "3"
                        },
                        {
                            "key": "indirect",
                            "name": "Indirect",
                            "type": "ArmyBookRule",
                            "label": "Indirect",
                            "modify": false,
                            "rating": ""
                        }
                    ]
                },
                {
                    "attacks": 1,
                    "count": 2,
                    "name": "AT-Launcher",
                    "range": 30,
                    "specialRules": [
                        {
                            "key": "lock-on",
                            "name": "Lock-On",
                            "type": "ArmyBookRule",
                            "label": "Lock-On",
                            "modify": false,
                            "rating": ""
                        }
                    ],
                    "ap": "2"
                },
                {
                    "attacks": 1,
                    "count": 5,
                    "name": "Mini-GL",
                    "range": 18,
                    "specialRules": [
                        {
                            "key": "indirect",
                            "name": "Indirect",
                            "type": "ArmyBookRule",
                            "label": "Indirect",
                            "modify": false,
                            "rating": ""
                        },
                        {
                            "name": "Limited",
                            "type": "ArmyBookRule",
                            "label": "Limited",
                            "modify": false
                        }
                    ]
                }
            ],
            "specialRules": [
                {
                    "key": "fearless",
                    "name": "Fearless",
                    "rating": "",
                    "label": "Fearless"
                },
                {
                    "key": "medical-training",
                    "name": "Medical Training",
                    "type": "ArmyBookRule",
                    "label": "Medical Training",
                    "rating": "",
                    "count": 1
                }
            ],
            "upgradeCost": [
                20,
                5,
                5,
                15,
                30
            ]
        }
    ]
}