{
    "parser": "txt",
    "listName": "300pt - PB - Prime Brothers",
    "gameSystem": "gff",
    "gameSystemId": 3,
    "listPoints": 300,
    "units": [
        {
            "cost": "75",
            "specialRules": [
                {
                    "label": "Fearless",
                    "key": "fearless"
                },
                {
                    "label": "Hero",
                    "key": "hero"
                },
                {
                    "label": "Tough(3)",
                    "key": "tough",
                    "rating": "3"
                }
            ],
            "equipment": [],
            "id": "2",
            "name": "Prime Master test",
            "size": 1,
            "quality": 3,
            "defense": 2,
            "weapons": [
                {
                    "name": "CCW",
                    "count": 1,
                    "attacks": 2
                },
                {
                    "name": "Heavy Rifle",
                    "count": 1,
                    "range": 24,
                    "attacks": 1,
                    "ap": 1
                }
            ]
        },
        {
            "cost": "40",
            "specialRules": [
                {
                    "label": "Fearless",
                    "key": "fearless"
                },
                {
                    "label": "Scout",
                    "key": "scout"
                },
                {
                    "label": "Strider",
                    "key": "strider"
                }
            ],
            "equipment": [
                {
                    "name": "Scopes",
                    "specialRules": [
                        {
                            "label": "Sniper",
                            "key": "sniper"
                        }
                    ]
                }
            ],
            "id": "5",
            "name": "Infiltrator",
            "size": 1,
            "quality": 4,
            "defense": 3,
            "weapons": [
                {
                    "name": "CCW",
                    "count": 1,
                    "attacks": 2
                },
                {
                    "name": "Marksman Carbine",
                    "count": 1,
                    "range": 18,
                    "attacks": 1,
                    "specialRules": [
                        {
                            "label": "Rending",
                            "key": "rending"
                        }
                    ]
                }
            ]
        },
        {
            "cost": "40",
            "specialRules": [
                {
                    "label": "Fearless",
                    "key": "fearless"
                }
            ],
            "equipment": [],
            "id": "8",
            "name": "Assault Prime Brother",
            "size": 1,
            "quality": 3,
            "defense": 2,
            "weapons": [
                {
                    "name": "CCW",
                    "count": 1,
                    "attacks": 3
                },
                {
                    "name": "Plasma Pistol",
                    "count": 1,
                    "range": 12,
                    "attacks": 1,
                    "ap": 4
                }
            ]
        },
        {
            "cost": "50",
            "specialRules": [
                {
                    "label": "Fearless",
                    "key": "fearless"
                }
            ],
            "equipment": [],
            "id": "11",
            "name": "Prime Brother",
            "size": 1,
            "quality": 3,
            "defense": 2,
            "weapons": [
                {
                    "name": "Auto-Rifle",
                    "count": 1,
                    "range": 18,
                    "attacks": 2
                },
                {
                    "name": "CCW",
                    "count": 1,
                    "attacks": 2
                },
                {
                    "name": "Grenade-Mod",
                    "count": 1,
                    "range": 12,
                    "attacks": 1,
                    "specialRules": [
                        {
                            "label": "Blast(3)",
                            "key": "blast",
                            "rating": "3"
                        }
                    ]
                }
            ]
        },
        {
            "cost": "35",
            "specialRules": [
                {
                    "label": "Fearless",
                    "key": "fearless"
                }
            ],
            "equipment": [],
            "id": "14",
            "name": "Prime Brother",
            "size": 1,
            "quality": 3,
            "defense": 2,
            "weapons": [
                {
                    "name": "CCW",
                    "count": 1,
                    "attacks": 2
                },
                {
                    "name": "Heavy Rifle",
                    "count": 1,
                    "range": 24,
                    "attacks": 1,
                    "ap": 1
                }
            ]
        },
        {
            "cost": "60",
            "specialRules": [
                {
                    "label": "Fearless",
                    "key": "fearless"
                },
                {
                    "label": "Scout",
                    "key": "scout"
                },
                {
                    "label": "Stealth",
                    "key": "stealth"
                }
            ],
            "equipment": [],
            "id": "17",
            "name": "Eliminator Prime Brother with more text",
            "size": 1,
            "quality": 3,
            "defense": 3,
            "weapons": [
                {
                    "name": "CCW",
                    "count": 1,
                    "attacks": 2
                },
                {
                    "name": "Sniper Rifle",
                    "count": 1,
                    "range": 30,
                    "attacks": 1,
                    "ap": 1,
                    "specialRules": [
                        {
                            "label": "Sniper",
                            "key": "sniper"
                        }
                    ]
                }
            ]
        },
        {
            "cost": "85",
            "specialRules": [
                {
                    "label": "Hero",
                    "key": "hero"
                },
                {
                    "label": "Tough(3)",
                    "key": "tough",
                    "rating": "3"
                },
                {
                    "label": "Strider",
                    "key": "strider"
                }
            ],
            "equipment": [
                {
                    "name": "Forward Observer",
                    "specialRules": [
                        {
                            "label": "Take Aim",
                            "key": "take aim"
                        }
                    ]
                }
            ],
            "id": "20",
            "name": "Storm Leader",
            "size": 1,
            "quality": 4,
            "defense": 4,
            "weapons": [
                {
                    "name": "CCW",
                    "count": 1,
                    "attacks": 2
                },
                {
                    "name": "Plasma Pistol",
                    "count": 1,
                    "range": 12,
                    "attacks": 1,
                    "ap": 4
                }
            ]
        },
        {
            "cost": "20",
            "specialRules": [],
            "equipment": [
                {
                    "name": "Demo Charges",
                    "specialRules": [
                        {
                            "label": "AP(4) in melee",
                            "key": "ap",
                            "rating": "4"
                        }
                    ]
                }
            ],
            "id": "23",
            "name": "Veteran",
            "size": 1,
            "quality": 4,
            "defense": 5,
            "weapons": [
                {
                    "name": "CCW",
                    "count": 1,
                    "attacks": 1
                },
                {
                    "name": "Rifle",
                    "count": 1,
                    "range": 24,
                    "attacks": 1
                }
            ]
        },
        {
            "cost": "15",
            "specialRules": [],
            "equipment": [],
            "id": "26",
            "name": "2x Veteran",
            "size": 1,
            "quality": 4,
            "defense": 5,
            "weapons": [
                {
                    "name": "CCW",
                    "count": 1,
                    "attacks": 1
                },
                {
                    "name": "Rifle",
                    "count": 1,
                    "range": 24,
                    "attacks": 1
                }
            ]
        },
        {
            "cost": "25",
            "specialRules": [
                {
                    "label": "Relentless",
                    "key": "relentless"
                }
            ],
            "equipment": [],
            "id": "29",
            "name": "Special Weapon",
            "size": 1,
            "quality": 5,
            "defense": 5,
            "weapons": [
                {
                    "name": "CCW",
                    "count": 1,
                    "attacks": 1
                },
                {
                    "name": "Flamethrower",
                    "count": 1,
                    "range": 12,
                    "attacks": 6
                }
            ]
        },
        {
            "cost": "25",
            "specialRules": [
                {
                    "label": "Relentless",
                    "key": "relentless"
                }
            ],
            "equipment": [],
            "id": "32",
            "name": "Special Weapon",
            "size": 1,
            "quality": 5,
            "defense": 5,
            "weapons": [
                {
                    "name": "CCW",
                    "count": 1,
                    "attacks": 1
                },
                {
                    "name": "Grenade Launcher",
                    "count": 1,
                    "range": 24,
                    "attacks": 1,
                    "specialRules": [
                        {
                            "label": "Blast(3)",
                            "key": "blast",
                            "rating": "3"
                        }
                    ]
                }
            ]
        },
        {
            "cost": "45",
            "specialRules": [
                {
                    "label": "Strider",
                    "key": "strider"
                }
            ],
            "equipment": [],
            "id": "35",
            "name": "Storm Trooper",
            "size": 1,
            "quality": 4,
            "defense": 4,
            "weapons": [
                {
                    "name": "Energy Fist",
                    "count": 1,
                    "attacks": 2,
                    "ap": 4
                },
                {
                    "name": "Shred Rifle",
                    "count": 1,
                    "range": 18,
                    "attacks": 3,
                    "specialRules": [
                        {
                            "label": "Rending",
                            "key": "rending"
                        }
                    ]
                }
            ]
        },
        {
            "cost": "25",
            "specialRules": [
                {
                    "label": "Strider",
                    "key": "strider"
                }
            ],
            "equipment": [],
            "id": "38",
            "name": "Storm Trooper",
            "size": 1,
            "quality": 4,
            "defense": 4,
            "weapons": [
                {
                    "name": "CCW",
                    "count": 1,
                    "attacks": 1
                },
                {
                    "name": "Plasma Rifle",
                    "count": 1,
                    "range": 24,
                    "attacks": 1,
                    "ap": 4
                }
            ]
        },
        {
            "cost": "45",
            "specialRules": [
                {
                    "label": "Scout",
                    "key": "scout"
                },
                {
                    "label": "Stealth",
                    "key": "stealth"
                }
            ],
            "equipment": [],
            "id": "41",
            "name": "Sniper",
            "size": 1,
            "quality": 5,
            "defense": 5,
            "weapons": [
                {
                    "name": "CCW",
                    "count": 1,
                    "attacks": 1
                },
                {
                    "name": "Sniper Rifle",
                    "count": 1,
                    "range": 30,
                    "attacks": 1,
                    "ap": 1,
                    "specialRules": [
                        {
                            "label": "Sniper",
                            "key": "sniper"
                        }
                    ]
                }
            ]
        },
        {
            "cost": "320",
            "specialRules": [
                {
                    "label": "Fearless",
                    "key": "fearless"
                },
                {
                    "label": "Tough(3)",
                    "key": "tough",
                    "rating": "3"
                }
            ],
            "equipment": [],
            "id": "44",
            "name": "Aggro Squad",
            "size": 3,
            "quality": 3,
            "defense": 2,
            "weapons": [
                {
                    "name": "Dual Energy Fists",
                    "count": 3,
                    "attacks": 4,
                    "ap": 4
                },
                {
                    "name": "Twin Fist-Pistols",
                    "count": 3,
                    "range": 12,
                    "attacks": 4
                }
            ]
        },
        {
            "cost": "255",
            "specialRules": [
                {
                    "label": "Fast",
                    "key": "fast"
                },
                {
                    "label": "Fearless",
                    "key": "fearless"
                },
                {
                    "label": "Scout",
                    "key": "scout"
                },
                {
                    "label": "Strider",
                    "key": "strider"
                },
                {
                    "label": "Tough(6)",
                    "key": "tough",
                    "rating": "6"
                }
            ],
            "equipment": [],
            "id": "47",
            "name": "Prime ATV",
            "size": 1,
            "quality": 3,
            "defense": 2,
            "weapons": [
                {
                    "name": "Heavy Fusion Rifle",
                    "count": 1,
                    "range": 18,
                    "attacks": 1,
                    "ap": 4,
                    "specialRules": [
                        {
                            "label": "Deadly(6)",
                            "key": "deadly",
                            "rating": "6"
                        }
                    ]
                },
                {
                    "name": "Twin Auto-Rifles",
                    "count": 1,
                    "range": 18,
                    "attacks": 4
                }
            ]
        },
        {
            "cost": "385",
            "specialRules": [
                {
                    "label": "Ambush",
                    "key": "ambush"
                },
                {
                    "label": "Fast",
                    "key": "fast"
                },
                {
                    "label": "Fearless",
                    "key": "fearless"
                },
                {
                    "label": "Impact(6)",
                    "key": "impact",
                    "rating": "6"
                },
                {
                    "label": "Strider",
                    "key": "strider"
                },
                {
                    "label": "Tough(9)",
                    "key": "tough",
                    "rating": "9"
                }
            ],
            "equipment": [],
            "id": "50",
            "name": "Attack Speeder",
            "size": 1,
            "quality": 3,
            "defense": 2,
            "weapons": [
                {
                    "name": "Fusion Destroyer",
                    "count": 1,
                    "range": 12,
                    "attacks": 2,
                    "ap": 4,
                    "specialRules": [
                        {
                            "label": "Deadly(3)",
                            "key": "deadly",
                            "rating": "3"
                        }
                    ]
                },
                {
                    "name": "Twin Strike Missiles",
                    "count": 1,
                    "range": 18,
                    "attacks": 2,
                    "ap": 3,
                    "specialRules": [
                        {
                            "label": "Deadly(3)",
                            "key": "deadly",
                            "rating": "3"
                        }
                    ]
                }
            ]
        },
        {
            "cost": "75",
            "specialRules": [
                {
                    "label": "Fearless",
                    "key": "fearless"
                },
                {
                    "label": "Hero",
                    "key": "hero"
                },
                {
                    "label": "Tough(3)",
                    "key": "tough",
                    "rating": "3"
                }
            ],
            "equipment": [
                {
                    "name": "Feudal Steed",
                    "specialRules": [
                        {
                            "label": "Fast",
                            "key": "fast"
                        },
                        {
                            "label": " Impact(1)",
                            "key": " impact",
                            "rating": "1"
                        }
                    ]
                },
                {
                    "name": "Strategist",
                    "specialRules": [
                        {
                            "label": "Ballistics Console",
                            "key": "ballistics console"
                        }
                    ]
                }
            ],
            "id": "53",
            "name": "Thaddeus Taho",
            "size": 1,
            "quality": 4,
            "defense": 4,
            "weapons": [
                {
                    "name": "Energy Sword",
                    "count": 1,
                    "attacks": 2,
                    "ap": 1,
                    "specialRules": [
                        {
                            "label": "Rending",
                            "key": "rending"
                        }
                    ]
                },
                {
                    "name": "Rifle",
                    "count": 1,
                    "range": 24,
                    "attacks": 1
                }
            ]
        }
    ]
}